// Jest Snapshot v1, https://goo.gl/fbAQLP

exports[`Launch snapshot 1`] = `<View />`;

exports[`Main snapshot 1`] = `<View />`;
